// Jest Snapshot v1, https://goo.gl/fbAQLP

exports[`Component template should render the default component template 1`] = `<div />`;
