// Jest Snapshot v1, https://goo.gl/fbAQLP

exports[`Page template should render the default page template 1`] = `
<div
  class="layout-padding"
/>
`;
